Z:\envmux\spikes\socks-browser\socks.cs(312,15): warning CA2020: Starting with .NET 7 the explicit conversion '(Int32)IntPtr' will not throw when overflowing in an unchecked context. Wrap the expression with a 'checked' statement to restore the .NET 6 behavior. (https://learn.microsoft.com/dotnet/fundamentals/code-analysis/quality-rules/ca2020)
16:26:44.645 box on 127.0.0.1:64206; socks5 on 127.0.0.1:64207 (user demo-session)
16:26:45.090 pid 24740 chrome ⊂ launched 48644 [chrome] [no auth offered] CONNECT clients2.google.com:80 (name) -> refused (only loopback:3000 is the box here)
16:26:45.090 pid 24740 chrome ⊂ launched 48644 [chrome] [no auth offered] CONNECT clientservices.googleapis.com:443 (name) -> refused (only loopback:3000 is the box here)
16:26:45.092 pid 24740 chrome ⊂ launched 48644 [chrome] [no auth offered] CONNECT clients2.google.com:443 (name) -> refused (only loopback:3000 is the box here)
16:26:45.097 pid 24740 chrome ⊂ launched 48644 [chrome] [no auth offered] CONNECT www.gstatic.com:443 (name) -> refused (only loopback:3000 is the box here)
16:26:45.117 pid 24740 chrome ⊂ launched 48644 [chrome] [no auth offered] CONNECT update.googleapis.com:443 (name) -> refused (only loopback:3000 is the box here)
16:26:45.153 pid 24740 chrome ⊂ launched 48644 [chrome] [no auth offered] CONNECT www.google.com:443 (name) -> refused (only loopback:3000 is the box here)
16:26:45.155 pid 24740 chrome ⊂ launched 48644 [chrome] [no auth offered] CONNECT www.google.com:443 (name) -> refused (only loopback:3000 is the box here)
16:26:45.163 pid 24740 chrome ⊂ launched 48644 [chrome] [no auth offered] CONNECT accounts.google.com:443 (name) -> refused (only loopback:3000 is the box here)
16:26:45.164 pid 24740 chrome ⊂ launched 48644 [chrome] [no auth offered] CONNECT www.google.com:443 (name) -> refused (only loopback:3000 is the box here)
16:26:45.185 pid 24740 chrome ⊂ launched 48644 [chrome] [no auth offered] CONNECT www.google.com:443 (name) -> refused (only loopback:3000 is the box here)
16:26:45.221 pid 24740 chrome ⊂ launched 48644 [chrome] [no auth offered] CONNECT www.google.com:443 (name) -> refused (only loopback:3000 is the box here)
RESULT chrome default    http://127.0.0.1:3000/                     -> nothing (bypassed to real loopback, refused)
16:26:45.603 pid 91980 chrome ⊂ launched 108460 [chrome] [no auth offered] CONNECT clients2.google.com:80 (name) -> refused (only loopback:3000 is the box here)
16:26:45.607 pid 91980 chrome ⊂ launched 108460 [chrome] [no auth offered] CONNECT clientservices.googleapis.com:443 (name) -> refused (only loopback:3000 is the box here)
16:26:45.616 pid 91980 chrome ⊂ launched 108460 [chrome] [no auth offered] CONNECT www.gstatic.com:443 (name) -> refused (only loopback:3000 is the box here)
16:26:45.625 pid 91980 chrome ⊂ launched 108460 [chrome] [no auth offered] CONNECT clients2.google.com:443 (name) -> refused (only loopback:3000 is the box here)
16:26:45.632 pid 91980 chrome ⊂ launched 108460 [chrome] [no auth offered] CONNECT update.googleapis.com:443 (name) -> refused (only loopback:3000 is the box here)
16:26:45.659 pid 91980 chrome ⊂ launched 108460 [chrome] [no auth offered] CONNECT www.google.com:443 (name) -> refused (only loopback:3000 is the box here)
16:26:45.663 pid 91980 chrome ⊂ launched 108460 [chrome] [no auth offered] CONNECT www.google.com:443 (name) -> refused (only loopback:3000 is the box here)
16:26:45.691 pid 91980 chrome ⊂ launched 108460 [chrome] [no auth offered] CONNECT accounts.google.com:443 (name) -> refused (only loopback:3000 is the box here)
16:26:45.691 pid 91980 chrome ⊂ launched 108460 [chrome] [no auth offered] CONNECT www.google.com:443 (name) -> refused (only loopback:3000 is the box here)
16:26:45.709 pid 91980 chrome ⊂ launched 108460 [chrome] [no auth offered] CONNECT www.google.com:443 (name) -> refused (only loopback:3000 is the box here)
16:26:45.749 pid 91980 chrome ⊂ launched 108460 [chrome] [no auth offered] CONNECT www.google.com:443 (name) -> refused (only loopback:3000 is the box here)
RESULT chrome default    http://localhost:3000/                     -> nothing (bypassed to real loopback, refused)
16:26:46.303 pid 109632 chrome ⊂ launched 49968 [chrome] [no auth offered] CONNECT clients2.google.com:80 (name) -> refused (only loopback:3000 is the box here)
16:26:46.305 pid 109632 chrome ⊂ launched 49968 [chrome] [no auth offered] CONNECT clientservices.googleapis.com:443 (name) -> refused (only loopback:3000 is the box here)
16:26:46.331 pid 109632 chrome ⊂ launched 49968 [chrome] [no auth offered] CONNECT www.gstatic.com:443 (name) -> refused (only loopback:3000 is the box here)
16:26:46.333 pid 109632 chrome ⊂ launched 49968 [chrome] [no auth offered] CONNECT update.googleapis.com:443 (name) -> refused (only loopback:3000 is the box here)
16:26:46.342 pid 109632 chrome ⊂ launched 49968 [chrome] [no auth offered] CONNECT clients2.google.com:443 (name) -> refused (only loopback:3000 is the box here)
16:26:46.355 pid 109632 chrome ⊂ launched 49968 [chrome] [no auth offered] CONNECT www.google.com:443 (name) -> refused (only loopback:3000 is the box here)
16:26:46.362 pid 109632 chrome ⊂ launched 49968 [chrome] [no auth offered] CONNECT www.google.com:443 (name) -> refused (only loopback:3000 is the box here)
16:26:46.385 pid 109632 chrome ⊂ launched 49968 [chrome] [no auth offered] CONNECT accounts.google.com:443 (name) -> refused (only loopback:3000 is the box here)
16:26:46.385 pid 109632 chrome ⊂ launched 49968 [chrome] [no auth offered] CONNECT www.google.com:443 (name) -> refused (only loopback:3000 is the box here)
16:26:46.406 pid 109632 chrome ⊂ launched 49968 [chrome] [no auth offered] CONNECT www.google.com:443 (name) -> refused (only loopback:3000 is the box here)
16:26:46.440 pid 109632 chrome ⊂ launched 49968 [chrome] [no auth offered] CONNECT www.google.com:443 (name) -> refused (only loopback:3000 is the box here)
RESULT chrome default    http://[::1]:3000/                         -> nothing (bypassed to real loopback, refused)
16:26:46.764 pid 20064 chrome ⊂ launched 75804 [chrome] [no auth offered] CONNECT clients2.google.com:80 (name) -> refused (only loopback:3000 is the box here)
16:26:46.769 pid 20064 chrome ⊂ launched 75804 [chrome] [no auth offered] CONNECT clientservices.googleapis.com:443 (name) -> refused (only loopback:3000 is the box here)
16:26:46.776 pid 20064 chrome ⊂ launched 75804 [chrome] [no auth offered] CONNECT www.gstatic.com:443 (name) -> refused (only loopback:3000 is the box here)
16:26:46.787 pid 20064 chrome ⊂ launched 75804 [chrome] [no auth offered] CONNECT clients2.google.com:443 (name) -> refused (only loopback:3000 is the box here)
16:26:46.797 pid 20064 chrome ⊂ launched 75804 [chrome] [no auth offered] CONNECT update.googleapis.com:443 (name) -> refused (only loopback:3000 is the box here)
16:26:46.817 pid 20064 chrome ⊂ launched 75804 [chrome] [no auth offered] CONNECT www.google.com:443 (name) -> refused (only loopback:3000 is the box here)
16:26:46.824 pid 20064 chrome ⊂ launched 75804 [chrome] [no auth offered] CONNECT www.google.com:443 (name) -> refused (only loopback:3000 is the box here)
16:26:46.827 pid 20064 chrome ⊂ launched 75804 [chrome] [no auth offered] CONNECT 127.0.0.1:3000 (name) -> the box
16:26:46.832 pid 20064 chrome ⊂ launched 75804 [chrome] [no auth offered] CONNECT 127.0.0.1:3000 (name) -> the box
16:26:46.842 pid 20064 chrome ⊂ launched 75804 [chrome] [no auth offered] CONNECT accounts.google.com:443 (name) -> refused (only loopback:3000 is the box here)
16:26:46.842 pid 20064 chrome ⊂ launched 75804 [chrome] [no auth offered] CONNECT www.google.com:443 (name) -> refused (only loopback:3000 is the box here)
16:26:46.855 pid 20064 chrome ⊂ launched 75804 [chrome] [no auth offered] CONNECT www.google.com:443 (name) -> refused (only loopback:3000 is the box here)
16:26:46.861 pid 20064 chrome ⊂ launched 75804 [chrome] [no auth offered] CONNECT 127.0.0.1:3000 (name) -> the box
16:26:46.872 pid 20064 chrome ⊂ launched 75804 [chrome] [no auth offered] CONNECT www.google.com:443 (name) -> refused (only loopback:3000 is the box here)
RESULT chrome <-loopback> http://127.0.0.1:3000/                    -> BOX (page + fetch)
16:26:47.192 pid 105100 chrome ⊂ launched 76120 [chrome] [no auth offered] CONNECT clients2.google.com:80 (name) -> refused (only loopback:3000 is the box here)
16:26:47.195 pid 105100 chrome ⊂ launched 76120 [chrome] [no auth offered] CONNECT clientservices.googleapis.com:443 (name) -> refused (only loopback:3000 is the box here)
16:26:47.209 pid 105100 chrome ⊂ launched 76120 [chrome] [no auth offered] CONNECT www.gstatic.com:443 (name) -> refused (only loopback:3000 is the box here)
16:26:47.223 pid 105100 chrome ⊂ launched 76120 [chrome] [no auth offered] CONNECT update.googleapis.com:443 (name) -> refused (only loopback:3000 is the box here)
16:26:47.223 pid 105100 chrome ⊂ launched 76120 [chrome] [no auth offered] CONNECT clients2.google.com:443 (name) -> refused (only loopback:3000 is the box here)
16:26:47.242 pid 105100 chrome ⊂ launched 76120 [chrome] [no auth offered] CONNECT www.google.com:443 (name) -> refused (only loopback:3000 is the box here)
16:26:47.248 pid 105100 chrome ⊂ launched 76120 [chrome] [no auth offered] CONNECT www.google.com:443 (name) -> refused (only loopback:3000 is the box here)
16:26:47.249 pid 105100 chrome ⊂ launched 76120 [chrome] [no auth offered] CONNECT localhost:3000 (name) -> the box
16:26:47.254 pid 105100 chrome ⊂ launched 76120 [chrome] [no auth offered] CONNECT localhost:3000 (name) -> the box
16:26:47.267 pid 105100 chrome ⊂ launched 76120 [chrome] [no auth offered] CONNECT accounts.google.com:443 (name) -> refused (only loopback:3000 is the box here)
16:26:47.268 pid 105100 chrome ⊂ launched 76120 [chrome] [no auth offered] CONNECT www.google.com:443 (name) -> refused (only loopback:3000 is the box here)
16:26:47.280 pid 105100 chrome ⊂ launched 76120 [chrome] [no auth offered] CONNECT www.google.com:443 (name) -> refused (only loopback:3000 is the box here)
16:26:47.291 pid 105100 chrome ⊂ launched 76120 [chrome] [no auth offered] CONNECT www.google.com:443 (name) -> refused (only loopback:3000 is the box here)
RESULT chrome <-loopback> http://localhost:3000/                    -> BOX (page + fetch)
16:26:47.634 pid 72248 chrome ⊂ launched 13892 [chrome] [no auth offered] CONNECT clients2.google.com:80 (name) -> refused (only loopback:3000 is the box here)
16:26:47.637 pid 72248 chrome ⊂ launched 13892 [chrome] [no auth offered] CONNECT clientservices.googleapis.com:443 (name) -> refused (only loopback:3000 is the box here)
16:26:47.647 pid 72248 chrome ⊂ launched 13892 [chrome] [no auth offered] CONNECT www.gstatic.com:443 (name) -> refused (only loopback:3000 is the box here)
16:26:47.653 pid 72248 chrome ⊂ launched 13892 [chrome] [no auth offered] CONNECT clients2.google.com:443 (name) -> refused (only loopback:3000 is the box here)
16:26:47.660 pid 72248 chrome ⊂ launched 13892 [chrome] [no auth offered] CONNECT update.googleapis.com:443 (name) -> refused (only loopback:3000 is the box here)
16:26:47.686 pid 72248 chrome ⊂ launched 13892 [chrome] [no auth offered] CONNECT www.google.com:443 (name) -> refused (only loopback:3000 is the box here)
16:26:47.692 pid 72248 chrome ⊂ launched 13892 [chrome] [no auth offered] CONNECT www.google.com:443 (name) -> refused (only loopback:3000 is the box here)
16:26:47.708 pid 72248 chrome ⊂ launched 13892 [chrome] [no auth offered] CONNECT ::1:3000 (name) -> the box
16:26:47.708 pid 72248 chrome ⊂ launched 13892 [chrome] [no auth offered] CONNECT ::1:3000 (name) -> the box
16:26:47.765 pid 72248 chrome ⊂ launched 13892 [chrome] [no auth offered] CONNECT accounts.google.com:443 (name) -> refused (only loopback:3000 is the box here)
16:26:47.765 pid 72248 chrome ⊂ launched 13892 [chrome] [no auth offered] CONNECT www.google.com:443 (name) -> refused (only loopback:3000 is the box here)
16:26:47.778 pid 72248 chrome ⊂ launched 13892 [chrome] [no auth offered] CONNECT www.google.com:443 (name) -> refused (only loopback:3000 is the box here)
16:26:47.788 pid 72248 chrome ⊂ launched 13892 [chrome] [no auth offered] CONNECT www.google.com:443 (name) -> refused (only loopback:3000 is the box here)
RESULT chrome <-loopback> http://[::1]:3000/                        -> BOX (page + fetch)
RESULT edge default    http://127.0.0.1:3000/                       -> nothing (bypassed to real loopback, refused)
RESULT edge default    http://localhost:3000/                       -> nothing (bypassed to real loopback, refused)
RESULT edge default    http://[::1]:3000/                           -> nothing (bypassed to real loopback, refused)
RESULT edge <-loopback> http://127.0.0.1:3000/                      -> nothing (bypassed to real loopback, refused)
RESULT edge <-loopback> http://localhost:3000/                      -> nothing (bypassed to real loopback, refused)
RESULT edge <-loopback> http://[::1]:3000/                          -> nothing (bypassed to real loopback, refused)
